// Jest Snapshot v1, https://goo.gl/fbAQLP

exports[`DatetimePicker render correctly 1`] = `
<div
  class="datetime-picker"
>
  <input
    step="1"
    type="date"
  />
   
  <input
    step="1"
    type="time"
  />
</div>
`;
