// Jest Snapshot v1, https://goo.gl/fbAQLP

exports[`ModalFooter render correctly 1`] = `
<footer
  class="modal-footer"
>
  <p>
    Content
  </p>
</footer>
`;
