// Jest Snapshot v1, https://goo.gl/fbAQLP

exports[`ModalHeader render correctly 1`] = `
<header
  class="modal-header"
>
  <h1>
    Title
  </h1>
</header>
`;
