// Jest Snapshot v1, https://goo.gl/fbAQLP

exports[`ModalItem render correctly 1`] = `
<div
  class="modal-item"
>
  <p>
    Content
  </p>
</div>
`;
