// Jest Snapshot v1, https://goo.gl/fbAQLP

exports[`ProjectName render correctly 1`] = `
<div
  class="project-name"
>
  <dot-stub
    class="dot"
    color="#ff0"
  />
  
  Development

</div>
`;
