// Jest Snapshot v1, https://goo.gl/fbAQLP

exports[`CalendarEvent render correctly 1`] = `
<article
  style="border-color: #ff0000; background-color: rgba(255, 0, 0, 0.33399999999999996);"
>
  <h1>
    Review
  </h1>
   
  <p>
    1 day
  </p>
</article>
`;
