// Jest Snapshot v1, https://goo.gl/fbAQLP

exports[`DoughnutChart render correctly 1`] = `
<div
  class=""
>
  <div
    class="chartjs-render-monitor"
    height="400"
    id="doughnut-chart"
    style="display: block;"
    width="400"
  />
</div>
`;
