// Jest Snapshot v1, https://goo.gl/fbAQLP

exports[`Dragger render correctly 1`] = `
<div
  style="top: 0px; left: 0px;"
>
  <p>
    draggable
  </p>
</div>
`;
