// Jest Snapshot v1, https://goo.gl/fbAQLP

exports[`Icon render correctly 1`] = `
<activity-icon-stub
  class="icon"
/>
`;
