// Jest Snapshot v1, https://goo.gl/fbAQLP

exports[`TextField render correctly 1`] = `<input />`;
