// Jest Snapshot v1, https://goo.gl/fbAQLP

exports[`NoMenu render correctly 1`] = `
<div
  class="wrapper"
  ontouchstart=""
>
  <side-bar-stub />
   
  <div
    class="content"
  >
    <nuxt-stub />
  </div>
</div>
`;
