// Jest Snapshot v1, https://goo.gl/fbAQLP

exports[`Reports render correctly 1`] = `
<section>
  <date-header-stub
    date="2019-01-31"
    periodindex="0"
    periods="[object Object],[object Object],[object Object],[object Object]"
  />
   
  <!---->
</section>
`;
