// Jest Snapshot v1, https://goo.gl/fbAQLP

exports[`Settings render correctly 1`] = `
<section>
  <content-header-stub>
    <tabs-stub items="account,applications,webhooks,licenses" index="0" class="tabs"></tabs-stub>
  </content-header-stub>
  <!---->
</section>
`;
