// Jest Snapshot v1, https://goo.gl/fbAQLP

exports[`NavModal render correctly 1`] = `
<modal-wrapper-stub
  height="auto"
  name="example"
>
  <keep-alive-stub
    enter-active-class=""
    include=""
    leave-active-class=""
  >
    <!---->
  </keep-alive-stub>
</modal-wrapper-stub>
`;
